{
  "metadata" :
  {
    "@generated" : true
  },
  "results" :
  [
    {
      "callable" : "LMyClass;||<init>:(Ljava/lang/Object;Ljava/lang/Object;)V",
      "callable_line" : 0,
      "code" : 20000,
      "localflow" :
      {
        "flows" :
        [
          {
            "labels" :
            [
              "ContraProject:p0",
              "Inject:this_out"
            ],
            "left" : "M{LMyClass;||<init>:(Ljava/lang/Object;Ljava/lang/Object;)V}",
            "right" : "M{LMyClass;||<init>:(Ljava/lang/Object;Ljava/lang/Object;)V}"
          },
          {
            "labels" :
            [
              "ContraProject:p1",
              "Inject:a",
              "Inject:p0"
            ],
            "left" : "M{LMyClass;||<init>:(Ljava/lang/Object;Ljava/lang/Object;)V}",
            "right" : "M{LMyClass;||<init>:(Ljava/lang/Object;Ljava/lang/Object;)V}"
          },
          {
            "labels" :
            [
              "ContraProject:p2",
              "Inject:b",
              "Inject:p0"
            ],
            "left" : "M{LMyClass;||<init>:(Ljava/lang/Object;Ljava/lang/Object;)V}",
            "right" : "M{LMyClass;||<init>:(Ljava/lang/Object;Ljava/lang/Object;)V}"
          }
        ],
        "node" : "M{LMyClass;||<init>:(Ljava/lang/Object;Ljava/lang/Object;)V}"
      },
      "path" : "MyClass.java"
    },
    {
      "callable" : "LMyClass;||test_new:(Ljava/lang/Object;Ljava/lang/Object;)LMyClass;",
      "callable_line" : 0,
      "code" : 20000,
      "localflow" :
      {
        "flows" :
        [
          {
            "guard" : "Bwd",
            "labels" :
            [
              "Call:(0,0)",
              "ContraInject:ctrl",
              "ContraProject:ctrl",
              "Inject:<init>:(Ljava/lang/Object;Ljava/lang/Object;)V"
            ],
            "left" : "G{LMyClass;||test_new:(Ljava/lang/Object;Ljava/lang/Object;)LMyClass;}",
            "right" : "G{LMyClass;||<init>:(Ljava/lang/Object;Ljava/lang/Object;)V}"
          },
          {
            "guard" : "Bwd",
            "labels" :
            [
              "Call:(0,0)",
              "ContraInject:p0",
              "ContraProject:p0",
              "Inject:<init>:(Ljava/lang/Object;Ljava/lang/Object;)V"
            ],
            "left" : "G{LMyClass;||test_new:(Ljava/lang/Object;Ljava/lang/Object;)LMyClass;}",
            "right" : "G{LMyClass;||<init>:(Ljava/lang/Object;Ljava/lang/Object;)V}"
          },
          {
            "guard" : "Bwd",
            "labels" :
            [
              "Call:(0,0)",
              "ContraInject:p1",
              "ContraProject:p1",
              "Inject:<init>:(Ljava/lang/Object;Ljava/lang/Object;)V"
            ],
            "left" : "G{LMyClass;||test_new:(Ljava/lang/Object;Ljava/lang/Object;)LMyClass;}",
            "right" : "G{LMyClass;||<init>:(Ljava/lang/Object;Ljava/lang/Object;)V}"
          },
          {
            "guard" : "Bwd",
            "labels" :
            [
              "Inject:ctrl",
              "Project:<init>:(Ljava/lang/Object;Ljava/lang/Object;)V",
              "Project:ctrl",
              "Return:(0,0)"
            ],
            "left" : "G{LMyClass;||<init>:(Ljava/lang/Object;Ljava/lang/Object;)V}",
            "right" : "G{LMyClass;||test_new:(Ljava/lang/Object;Ljava/lang/Object;)LMyClass;}"
          },
          {
            "guard" : "Bwd",
            "labels" :
            [
              "Inject:result",
              "Project:<init>:(Ljava/lang/Object;Ljava/lang/Object;)V",
              "Project:this_out",
              "Return:(0,0)"
            ],
            "left" : "G{LMyClass;||<init>:(Ljava/lang/Object;Ljava/lang/Object;)V}",
            "right" : "G{LMyClass;||test_new:(Ljava/lang/Object;Ljava/lang/Object;)LMyClass;}"
          }
        ],
        "node" : "G{LMyClass;||test_new:(Ljava/lang/Object;Ljava/lang/Object;)LMyClass;}"
      },
      "path" : "MyClass.java"
    }
  ]
}
