{
  "metadata" :
  {
    "@generated" : true
  },
  "results" :
  [
    {
      "callable" : "LBase;||<init>:(Ljava/lang/Object;)V",
      "callable_line" : 0,
      "code" : 20000,
      "localflow" :
      {
        "flows" :
        [
          {
            "labels" :
            [
              "ContraProject:p0",
              "Inject:this_out"
            ],
            "left" : "M{LBase;||<init>:(Ljava/lang/Object;)V}",
            "right" : "M{LBase;||<init>:(Ljava/lang/Object;)V}"
          },
          {
            "labels" :
            [
              "ContraProject:p1",
              "Inject:p0",
              "Inject:x"
            ],
            "left" : "M{LBase;||<init>:(Ljava/lang/Object;)V}",
            "right" : "M{LBase;||<init>:(Ljava/lang/Object;)V}"
          }
        ],
        "node" : "M{LBase;||<init>:(Ljava/lang/Object;)V}"
      },
      "path" : "Base.java"
    },
    {
      "callable" : "LChild;||<init>:(Ljava/lang/Object;)V",
      "callable_line" : 0,
      "code" : 20000,
      "localflow" :
      {
        "flows" :
        [
          {
            "guard" : "Bwd",
            "labels" :
            [
              "Call:(0,0)",
              "ContraInject:ctrl",
              "ContraProject:ctrl",
              "Inject:<init>:(Ljava/lang/Object;)V"
            ],
            "left" : "M{LChild;||<init>:(Ljava/lang/Object;)V}",
            "right" : "G{LBase;||<init>:(Ljava/lang/Object;)V}"
          },
          {
            "guard" : "Bwd",
            "labels" :
            [
              "Call:(0,0)",
              "ContraInject:p0",
              "ContraProject:p1",
              "Inject:<init>:(Ljava/lang/Object;)V"
            ],
            "left" : "M{LChild;||<init>:(Ljava/lang/Object;)V}",
            "right" : "G{LBase;||<init>:(Ljava/lang/Object;)V}"
          },
          {
            "guard" : "Bwd",
            "labels" :
            [
              "Call:(0,0)",
              "ContraInject:this",
              "ContraProject:p0",
              "Inject:<init>:(Ljava/lang/Object;)V"
            ],
            "left" : "M{LChild;||<init>:(Ljava/lang/Object;)V}",
            "right" : "G{LBase;||<init>:(Ljava/lang/Object;)V}"
          },
          {
            "guard" : "Bwd",
            "labels" :
            [
              "Inject:ctrl",
              "Project:<init>:(Ljava/lang/Object;)V",
              "Project:ctrl",
              "Return:(0,0)"
            ],
            "left" : "G{LBase;||<init>:(Ljava/lang/Object;)V}",
            "right" : "M{LChild;||<init>:(Ljava/lang/Object;)V}"
          },
          {
            "guard" : "Bwd",
            "labels" :
            [
              "Inject:this_out",
              "Project:<init>:(Ljava/lang/Object;)V",
              "Project:this_out",
              "Return:(0,0)"
            ],
            "left" : "G{LBase;||<init>:(Ljava/lang/Object;)V}",
            "right" : "M{LChild;||<init>:(Ljava/lang/Object;)V}"
          }
        ],
        "node" : "M{LChild;||<init>:(Ljava/lang/Object;)V}"
      },
      "path" : "Child.java"
    }
  ]
}
