{
  "metadata" :
  {
    "@generated" : true
  },
  "models" :
  [
    {
      "generations" :
      [
        {
          "port" : "Argument(0).field",
          "taint" :
          [
            {
              "kinds" :
              [
                {
                  "call_info" : "Origin",
                  "kind" : "TestSource",
                  "local_positions" :
                  [
                    {
                      "line" : 2
                    }
                  ],
                  "origins" :
                  [
                    "LSource;.source:()LData;"
                  ]
                }
              ],
              "local_positions" :
              [
                {
                  "line" : 2
                }
              ],
              "origin" :
              {
                "method" : "LSource;.source:()LData;",
                "position" :
                {
                  "line" : 1,
                  "path" : "Flow.java"
                }
              }
            }
          ]
        }
      ],
      "issues" :
      [
        {
          "always_features" :
          [
            "via-issue-broadening"
          ],
          "callee" : "LSink;.sink:(LData;)V",
          "position" :
          {
            "line" : 3,
            "path" : "Flow.java"
          },
          "rule" : 1,
          "sink_index" : "0",
          "sinks" :
          [
            {
              "kinds" :
              [
                {
                  "call_info" : "Origin",
                  "kind" : "TestSink",
                  "origins" :
                  [
                    "LSink;.sink:(LData;)V"
                  ]
                }
              ],
              "origin" :
              {
                "method" : "LSink;.sink:(LData;)V",
                "position" :
                {
                  "line" : 3,
                  "path" : "Flow.java"
                }
              }
            }
          ],
          "sources" :
          [
            {
              "kinds" :
              [
                {
                  "always_features" :
                  [
                    "via-issue-broadening"
                  ],
                  "call_info" : "Origin",
                  "kind" : "TestSource",
                  "local_features" :
                  {
                    "always_features" :
                    [
                      "via-issue-broadening"
                    ]
                  },
                  "local_positions" :
                  [
                    {
                      "line" : 2
                    }
                  ],
                  "origins" :
                  [
                    "LSource;.source:()LData;"
                  ]
                }
              ],
              "local_features" :
              {
                "always_features" :
                [
                  "via-issue-broadening"
                ]
              },
              "local_positions" :
              [
                {
                  "line" : 2
                }
              ],
              "origin" :
              {
                "method" : "LSource;.source:()LData;",
                "position" :
                {
                  "line" : 1,
                  "path" : "Flow.java"
                }
              }
            }
          ]
        }
      ],
      "method" : "LFlow;.flow:()V",
      "position" :
      {
        "line" : 0,
        "path" : "Flow.java"
      },
      "sinks" :
      [
        {
          "port" : "Argument(0)",
          "taint" :
          [
            {
              "kinds" :
              [
                {
                  "call_info" : "Origin",
                  "kind" : "TestSink",
                  "local_positions" :
                  [
                    {
                      "line" : 2
                    }
                  ],
                  "origins" :
                  [
                    "LSink;.sink:(LData;)V"
                  ]
                }
              ],
              "local_positions" :
              [
                {
                  "line" : 2
                }
              ],
              "origin" :
              {
                "method" : "LSink;.sink:(LData;)V",
                "position" :
                {
                  "line" : 3,
                  "path" : "Flow.java"
                }
              }
            }
          ]
        }
      ]
    },
    {
      "method" : "LFlow;.propagate_argument_into_this:(LSource;)LFlow;",
      "position" :
      {
        "line" : 3,
        "path" : "Flow.java"
      },
      "propagation" :
      [
        {
          "input" : "Argument(0)",
          "output" :
          [
            {
              "kinds" :
              [
                {
                  "call_info" : "Propagation",
                  "kind" : "LocalReturn",
                  "output_paths" :
                  [
                    ""
                  ]
                }
              ]
            }
          ]
        },
        {
          "input" : "Argument(1)",
          "output" :
          [
            {
              "kinds" :
              [
                {
                  "call_info" : "Propagation",
                  "kind" : "LocalArgument(0)",
                  "output_paths" :
                  [
                    ".field"
                  ]
                }
              ]
            },
            {
              "kinds" :
              [
                {
                  "call_info" : "Propagation",
                  "kind" : "LocalReturn",
                  "output_paths" :
                  [
                    ".field"
                  ]
                }
              ]
            }
          ]
        }
      ]
    }
  ]
}
