{
  "metadata" :
  {
    "@generated" : true
  },
  "models" :
  [
    {
      "method" : "LFlow;.flow:(LData;)V",
      "position" :
      {
        "line" : 0,
        "path" : "Flow.java"
      },
      "sinks" :
      [
        {
          "port" : "Argument(1).other_field",
          "taint" :
          [
            {
              "kinds" :
              [
                {
                  "call_info" : "Origin",
                  "kind" : "TestSink",
                  "origins" :
                  [
                    "LSink;.sink:(LData;)V"
                  ]
                }
              ],
              "origin" :
              {
                "position" :
                {
                  "line" : 3,
                  "path" : "Flow.java"
                }
              }
            }
          ]
        }
      ]
    }
  ]
}
