{
   "metadata" : {
      "@generated" : true
   },
   "models" : [
      {
         "generations" : [
            {
               "call_position" : {
                  "line" : 2,
                  "path" : "Flow.java"
               },
               "callee" : "LSource;.source:()LData;",
               "callee_port" : "Return",
               "caller_port" : "Return",
               "distance" : 1,
               "kind" : "TestSource",
               "origins" : [ "LSource;.source:()LData;" ]
            },
            {
               "call_position" : {
                  "line" : 4,
                  "path" : "Flow.java"
               },
               "callee" : "LSource;.source:()LData;",
               "callee_port" : "Return",
               "caller_port" : "Return",
               "distance" : 1,
               "kind" : "TestSource",
               "origins" : [ "LSource;.source:()LData;" ]
            }
         ],
         "method" : "LFlow;.flow:()LData;",
         "position" : {
            "line" : 1,
            "path" : "Flow.java"
         }
      }
   ]
}
