{
  "metadata" :
  {
    "@generated" : true
  },
  "models" :
  [
    {
      "generations" :
      [
        {
          "port" : "Argument(0).field",
          "taint" :
          [
            {
              "kinds" :
              [
                {
                  "call_info" : "Origin",
                  "kind" : "TestSource",
                  "local_positions" :
                  [
                    {
                      "line" : 2
                    }
                  ],
                  "origins" :
                  [
                    "LSource;.source:()LData;"
                  ]
                }
              ],
              "local_positions" :
              [
                {
                  "line" : 2
                }
              ],
              "origin" :
              {
                "method" : "LSource;.source:()LData;",
                "position" :
                {
                  "line" : 1,
                  "path" : "Flow.java"
                }
              }
            }
          ]
        }
      ],
      "method" : "LFlow;.flow:(LData;)V",
      "position" :
      {
        "line" : 0,
        "path" : "Flow.java"
      }
    }
  ]
}
