{
  "metadata" :
  {
    "@generated" : true
  },
  "models" :
  [
    {
      "inline_as" : "Argument(1)",
      "method" : "LFlow;.flow:(LData;LData;)LData;",
      "position" :
      {
        "line" : 0,
        "path" : "Flow.java"
      },
      "propagation" :
      [
        {
          "input" : "Argument(1)",
          "output" :
          [
            {
              "kinds" :
              [
                {
                  "call_info" : "Propagation",
                  "kind" : "LocalReturn",
                  "output_paths" :
                  {
                    "" : 4
                  }
                }
              ]
            }
          ]
        }
      ]
    }
  ]
}
