{
  "metadata" :
  {
    "@generated" : true
  },
  "models" :
  [
    {
      "method" : "LFlow;.<init>:(LData;LData;)V",
      "position" :
      {
        "line" : 0,
        "path" : "Flow.java"
      },
      "propagation" :
      [
        {
          "input" : "Argument(1)",
          "output" :
          [
            {
              "kinds" :
              [
                {
                  "call_info" : "Propagation",
                  "kind" : "LocalArgument(0)",
                  "output_paths" :
                  [
                    ".field"
                  ]
                }
              ]
            }
          ]
        }
      ]
    }
  ]
}
