{
  "metadata" :
  {
    "@generated" : true
  },
  "models" :
  [
    {
      "method" : "LFlow;.flow:(LData;LData;)LFlow;",
      "position" :
      {
        "line" : 0,
        "path" : "Flow.java"
      },
      "propagation" :
      [
        {
          "input" : "Argument(0)",
          "output" :
          [
            {
              "kinds" :
              [
                {
                  "call_info" : "Propagation",
                  "kind" : "LocalReturn",
                  "output_paths" :
                  [
                    ""
                  ]
                }
              ]
            }
          ]
        },
        {
          "input" : "Argument(1)",
          "output" :
          [
            {
              "kinds" :
              [
                {
                  "call_info" : "Propagation",
                  "kind" : "LocalArgument(0)",
                  "output_paths" :
                  [
                    ".field"
                  ]
                }
              ]
            },
            {
              "kinds" :
              [
                {
                  "call_info" : "Propagation",
                  "kind" : "LocalReturn",
                  "output_paths" :
                  [
                    ".field"
                  ]
                }
              ]
            }
          ]
        }
      ]
    }
  ]
}
