{
  "metadata" :
  {
    "@generated" : true
  },
  "results" :
  [
    {
      "callable" : "LLambda;||applyFunction:(Lkotlin/jvm/functions/Function1;Ljava/lang/Object;)Ljava/lang/Object;",
      "callable_line" : 0,
      "code" : 20000,
      "localflow" :
      {
        "flows" :
        [
          {
            "guard" : "Bwd",
            "labels" :
            [
              "ContraInject:ctrl",
              "ContraProject:ctrl",
              "HoCall:(0,0)",
              "Inject:invoke:(Ljava/lang/Object;)Ljava/lang/Object;"
            ],
            "left" : "G{LLambda;||applyFunction:(Lkotlin/jvm/functions/Function1;Ljava/lang/Object;)Ljava/lang/Object;}",
            "right" : "O{Lkotlin/jvm/functions/Function1;}"
          },
          {
            "guard" : "Bwd",
            "labels" :
            [
              "ContraInject:p0",
              "ContraProject:p1",
              "HoCall:(0,0)",
              "Inject:invoke:(Ljava/lang/Object;)Ljava/lang/Object;"
            ],
            "left" : "G{LLambda;||applyFunction:(Lkotlin/jvm/functions/Function1;Ljava/lang/Object;)Ljava/lang/Object;}",
            "right" : "O{Lkotlin/jvm/functions/Function1;}"
          },
          {
            "guard" : "Bwd",
            "labels" :
            [
              "ContraInject:this",
              "ContraProject:p0",
              "HoCall:(0,0)",
              "Inject:invoke:(Ljava/lang/Object;)Ljava/lang/Object;"
            ],
            "left" : "G{LLambda;||applyFunction:(Lkotlin/jvm/functions/Function1;Ljava/lang/Object;)Ljava/lang/Object;}",
            "right" : "O{Lkotlin/jvm/functions/Function1;}"
          },
          {
            "guard" : "Bwd",
            "labels" :
            [
              "HoReturn:(0,0)",
              "Inject:ctrl",
              "Project:ctrl",
              "Project:invoke:(Ljava/lang/Object;)Ljava/lang/Object;"
            ],
            "left" : "O{Lkotlin/jvm/functions/Function1;}",
            "right" : "G{LLambda;||applyFunction:(Lkotlin/jvm/functions/Function1;Ljava/lang/Object;)Ljava/lang/Object;}"
          },
          {
            "guard" : "Bwd",
            "labels" :
            [
              "HoReturn:(0,0)",
              "Inject:result",
              "Project:invoke:(Ljava/lang/Object;)Ljava/lang/Object;",
              "Project:result"
            ],
            "left" : "O{Lkotlin/jvm/functions/Function1;}",
            "right" : "G{LLambda;||applyFunction:(Lkotlin/jvm/functions/Function1;Ljava/lang/Object;)Ljava/lang/Object;}"
          }
        ],
        "node" : "G{LLambda;||applyFunction:(Lkotlin/jvm/functions/Function1;Ljava/lang/Object;)Ljava/lang/Object;}"
      },
      "path" : "Lambda.java"
    }
  ]
}
