{
  "metadata" :
  {
    "@generated" : true
  },
  "results" :
  [
    {
      "callable" : "LMyObj;||eitherAOrArg:(ILjava/lang/Object;)Ljava/lang/Object;",
      "callable_line" : 0,
      "code" : 20000,
      "localflow" :
      {
        "flows" :
        [
          {
            "labels" :
            [
              "ContraProject:p0",
              "Inject:this_out"
            ],
            "left" : "M{LMyObj;||eitherAOrArg:(ILjava/lang/Object;)Ljava/lang/Object;}",
            "right" : "M{LMyObj;||eitherAOrArg:(ILjava/lang/Object;)Ljava/lang/Object;}"
          },
          {
            "labels" :
            [
              "ContraProject:p0",
              "Inject:result",
              "Project:a"
            ],
            "left" : "M{LMyObj;||eitherAOrArg:(ILjava/lang/Object;)Ljava/lang/Object;}",
            "right" : "M{LMyObj;||eitherAOrArg:(ILjava/lang/Object;)Ljava/lang/Object;}"
          },
          {
            "labels" :
            [
              "ContraProject:p2",
              "Inject:a",
              "Inject:p0"
            ],
            "left" : "M{LMyObj;||eitherAOrArg:(ILjava/lang/Object;)Ljava/lang/Object;}",
            "right" : "M{LMyObj;||eitherAOrArg:(ILjava/lang/Object;)Ljava/lang/Object;}"
          }
        ],
        "node" : "M{LMyObj;||eitherAOrArg:(ILjava/lang/Object;)Ljava/lang/Object;}"
      },
      "path" : "MyObj.java"
    },
    {
      "callable" : "Class{LMyObj;}",
      "callable_line" : 0,
      "code" : 20001,
      "localflow" :
      {
        "flows" :
        [
          {
            "left" : "C{LMyObj;}",
            "right" : "O{LMyObj;}"
          },
          {
            "labels" :
            [
              "Inject:eitherAOrArg:(ILjava/lang/Object;)Ljava/lang/Object;"
            ],
            "left" : "M{LMyObj;||eitherAOrArg:(ILjava/lang/Object;)Ljava/lang/Object;}",
            "right" : "C{LMyObj;}"
          }
        ],
        "interval" : "[0,1]",
        "node" : "C{LMyObj;}"
      },
      "path" : ""
    }
  ]
}
