{
  "metadata" :
  {
    "@generated" : true
  },
  "results" :
  [
    {
      "callable" : "LBasic;||field_construction:(Ljava/lang/Object;)Ljava/lang/Object;",
      "callable_line" : 0,
      "code" : 20000,
      "localflow" :
      {
        "flows" :
        [
          {
            "labels" :
            [
              "ContraProject:p0",
              "Inject:a",
              "Inject:result"
            ],
            "left" : "G{LBasic;||field_construction:(Ljava/lang/Object;)Ljava/lang/Object;}",
            "right" : "G{LBasic;||field_construction:(Ljava/lang/Object;)Ljava/lang/Object;}"
          }
        ],
        "node" : "G{LBasic;||field_construction:(Ljava/lang/Object;)Ljava/lang/Object;}"
      },
      "path" : "Basic.java"
    }
  ]
}
